2026-05-04 21:25:26,365  __main__  INFO  === Fetching BAG data (tiled) ===
2026-05-04 21:25:26,365  __main__  INFO  BAG tile 1: bbox=[110188, 476709, 112188, 478709]
2026-05-04 21:25:26,365  __main__  INFO  BAG WFS request  startIndex=0
2026-05-04 21:25:26,768  __main__  INFO  BAG: fetched 170 panden
2026-05-04 21:25:26,768  __main__  INFO  BAG tile 2: bbox=[110188, 478709, 112188, 480709]
2026-05-04 21:25:26,768  __main__  INFO  BAG WFS request  startIndex=0
2026-05-04 21:25:27,099  __main__  INFO  BAG: fetched 88 panden
2026-05-04 21:25:27,100  __main__  INFO  BAG tile 3: bbox=[110188, 480709, 112188, 482709]
2026-05-04 21:25:27,100  __main__  INFO  BAG WFS request  startIndex=0
2026-05-04 21:25:27,466  __main__  INFO  BAG: fetched 42 panden
2026-05-04 21:25:27,467  __main__  INFO  BAG tile 4: bbox=[110188, 482709, 112188, 484709]
2026-05-04 21:25:27,467  __main__  INFO  BAG WFS request  startIndex=0
2026-05-04 21:25:27,837  __main__  INFO  BAG: fetched 121 panden
2026-05-04 21:25:27,837  __main__  INFO  BAG tile 5: bbox=[110188, 484709, 112188, 486709]
2026-05-04 21:25:27,837  __main__  INFO  BAG WFS request  startIndex=0
2026-05-04 21:25:28,334  __main__  INFO  BAG: fetched 581 panden
2026-05-04 21:25:28,335  __main__  INFO  BAG tile 6: bbox=[110188, 486709, 112188, 488709]
2026-05-04 21:25:28,335  __main__  INFO  BAG WFS request  startIndex=0
2026-05-04 21:25:28,984  __main__  INFO  BAG WFS request  startIndex=1000
2026-05-04 21:25:29,686  __main__  INFO  BAG WFS request  startIndex=2000
2026-05-04 21:25:30,407  __main__  INFO  BAG WFS request  startIndex=3000
2026-05-04 21:25:31,078  __main__  INFO  BAG WFS request  startIndex=4000
2026-05-04 21:25:31,739  __main__  INFO  BAG WFS request  startIndex=5000
2026-05-04 21:25:32,331  __main__  INFO  BAG: fetched 5692 panden
2026-05-04 21:25:32,331  __main__  INFO  BAG tile 7: bbox=[110188, 488709, 112188, 490709]
2026-05-04 21:25:32,331  __main__  INFO  BAG WFS request  startIndex=0
2026-05-04 21:25:33,475  __main__  INFO  BAG WFS request  startIndex=1000
2026-05-04 21:25:33,925  __main__  INFO  BAG: fetched 1151 panden
2026-05-04 21:25:33,926  __main__  INFO  BAG tile 8: bbox=[110188, 490709, 112188, 492709]
2026-05-04 21:25:33,926  __main__  INFO  BAG WFS request  startIndex=0
2026-05-04 21:25:34,440  __main__  INFO  BAG: fetched 130 panden
2026-05-04 21:25:34,440  __main__  INFO  BAG tile 9: bbox=[110188, 492709, 112188, 493894]
2026-05-04 21:25:34,440  __main__  INFO  BAG WFS request  startIndex=0
2026-05-04 21:25:34,822  __main__  INFO  BAG: fetched 24 panden
2026-05-04 21:25:34,822  __main__  INFO  BAG tile 10: bbox=[112188, 476709, 114188, 478709]
2026-05-04 21:25:34,822  __main__  INFO  BAG WFS request  startIndex=0
2026-05-04 21:25:35,466  __main__  INFO  BAG: fetched 778 panden
2026-05-04 21:25:35,466  __main__  INFO  BAG tile 11: bbox=[112188, 478709, 114188, 480709]
2026-05-04 21:25:35,466  __main__  INFO  BAG WFS request  startIndex=0
2026-05-04 21:25:35,854  __main__  INFO  BAG: fetched 49 panden
2026-05-04 21:25:35,855  __main__  INFO  BAG tile 12: bbox=[112188, 480709, 114188, 482709]
2026-05-04 21:25:35,855  __main__  INFO  BAG WFS request  startIndex=0
2026-05-04 21:25:36,272  __main__  INFO  BAG: fetched 77 panden
2026-05-04 21:25:36,272  __main__  INFO  BAG tile 13: bbox=[112188, 482709, 114188, 484709]
2026-05-04 21:25:36,272  __main__  INFO  BAG WFS request  startIndex=0
2026-05-04 21:25:36,980  __main__  INFO  BAG WFS request  startIndex=1000
2026-05-04 21:25:37,745  __main__  INFO  BAG WFS request  startIndex=2000
2026-05-04 21:25:38,475  __main__  INFO  BAG WFS request  startIndex=3000
2026-05-04 21:25:39,200  __main__  INFO  BAG WFS request  startIndex=4000
2026-05-04 21:25:39,906  __main__  INFO  BAG WFS request  startIndex=5000
2026-05-04 21:25:40,620  __main__  INFO  BAG WFS request  startIndex=6000
2026-05-04 21:25:41,329  __main__  INFO  BAG WFS request  startIndex=7000
2026-05-04 21:25:41,927  __main__  INFO  BAG: fetched 7371 panden
2026-05-04 21:25:41,928  __main__  INFO  BAG tile 14: bbox=[112188, 484709, 114188, 486709]
2026-05-04 21:25:41,928  __main__  INFO  BAG WFS request  startIndex=0
2026-05-04 21:25:42,735  __main__  INFO  BAG WFS request  startIndex=1000
2026-05-04 21:25:43,625  __main__  INFO  BAG WFS request  startIndex=2000
2026-05-04 21:25:47,193  __main__  INFO  BAG WFS request  startIndex=3000
2026-05-04 21:25:47,857  __main__  INFO  BAG WFS request  startIndex=4000
2026-05-04 21:25:48,599  __main__  INFO  BAG WFS request  startIndex=5000
2026-05-04 21:25:49,301  __main__  INFO  BAG: fetched 5684 panden
2026-05-04 21:25:49,301  __main__  INFO  BAG tile 15: bbox=[112188, 486709, 114188, 488709]
2026-05-04 21:25:49,301  __main__  INFO  BAG WFS request  startIndex=0
2026-05-04 21:25:49,928  __main__  INFO  BAG: fetched 654 panden
2026-05-04 21:25:49,928  __main__  INFO  BAG tile 16: bbox=[112188, 488709, 114188, 490709]
2026-05-04 21:25:49,928  __main__  INFO  BAG WFS request  startIndex=0
2026-05-04 21:25:51,087  __main__  INFO  BAG: fetched 661 panden
2026-05-04 21:25:51,087  __main__  INFO  BAG tile 17: bbox=[112188, 490709, 114188, 492709]
2026-05-04 21:25:51,087  __main__  INFO  BAG WFS request  startIndex=0
2026-05-04 21:25:52,088  __main__  INFO  BAG: fetched 371 panden
2026-05-04 21:25:52,088  __main__  INFO  BAG tile 18: bbox=[112188, 492709, 114188, 493894]
2026-05-04 21:25:52,088  __main__  INFO  BAG WFS request  startIndex=0
2026-05-04 21:25:52,618  __main__  INFO  BAG: fetched 234 panden
2026-05-04 21:25:52,618  __main__  INFO  BAG tile 19: bbox=[114188, 476709, 116188, 478709]
2026-05-04 21:25:52,618  __main__  INFO  BAG WFS request  startIndex=0
2026-05-04 21:25:53,286  __main__  INFO  BAG WFS request  startIndex=1000
2026-05-04 21:25:54,006  __main__  INFO  BAG WFS request  startIndex=2000
2026-05-04 21:25:54,706  __main__  INFO  BAG WFS request  startIndex=3000
2026-05-04 21:25:55,490  __main__  INFO  BAG WFS request  startIndex=4000
2026-05-04 21:25:56,164  __main__  INFO  BAG: fetched 4446 panden
2026-05-04 21:25:56,164  __main__  INFO  BAG tile 20: bbox=[114188, 478709, 116188, 480709]
2026-05-04 21:25:56,165  __main__  INFO  BAG WFS request  startIndex=0
2026-05-04 21:25:56,610  __main__  INFO  BAG: fetched 139 panden
2026-05-04 21:25:56,610  __main__  INFO  BAG tile 21: bbox=[114188, 480709, 116188, 482709]
2026-05-04 21:25:56,610  __main__  INFO  BAG WFS request  startIndex=0
2026-05-04 21:25:57,101  __main__  INFO  BAG: fetched 299 panden
2026-05-04 21:25:57,101  __main__  INFO  BAG tile 22: bbox=[114188, 482709, 116188, 484709]
2026-05-04 21:25:57,101  __main__  INFO  BAG WFS request  startIndex=0
2026-05-04 21:25:57,913  __main__  INFO  BAG WFS request  startIndex=1000
2026-05-04 21:25:58,951  __main__  INFO  BAG WFS request  startIndex=2000
2026-05-04 21:25:59,752  __main__  INFO  BAG WFS request  startIndex=3000
2026-05-04 21:26:00,502  __main__  INFO  BAG WFS request  startIndex=4000
2026-05-04 21:26:01,183  __main__  INFO  BAG WFS request  startIndex=5000
2026-05-04 21:26:01,878  __main__  INFO  BAG WFS request  startIndex=6000
2026-05-04 21:26:02,645  __main__  INFO  BAG WFS request  startIndex=7000
2026-05-04 21:26:03,426  __main__  INFO  BAG WFS request  startIndex=8000
2026-05-04 21:26:04,099  __main__  INFO  BAG: fetched 8377 panden
2026-05-04 21:26:04,099  __main__  INFO  BAG tile 23: bbox=[114188, 484709, 116188, 486709]
2026-05-04 21:26:04,099  __main__  INFO  BAG WFS request  startIndex=0
2026-05-04 21:26:04,869  __main__  INFO  BAG WFS request  startIndex=1000
2026-05-04 21:26:05,659  __main__  INFO  BAG WFS request  startIndex=2000
2026-05-04 21:26:06,433  __main__  INFO  BAG WFS request  startIndex=3000
2026-05-04 21:26:07,075  __main__  INFO  BAG WFS request  startIndex=4000
2026-05-04 21:26:07,706  __main__  INFO  BAG: fetched 4601 panden
2026-05-04 21:26:07,706  __main__  INFO  BAG tile 24: bbox=[114188, 486709, 116188, 488709]
2026-05-04 21:26:07,706  __main__  INFO  BAG WFS request  startIndex=0
2026-05-04 21:26:08,373  __main__  INFO  BAG WFS request  startIndex=1000
2026-05-04 21:26:09,066  __main__  INFO  BAG WFS request  startIndex=2000
2026-05-04 21:26:09,791  __main__  INFO  BAG WFS request  startIndex=3000
2026-05-04 21:26:10,482  __main__  INFO  BAG WFS request  startIndex=4000
2026-05-04 21:26:11,156  __main__  INFO  BAG WFS request  startIndex=5000
2026-05-04 21:26:11,846  __main__  INFO  BAG WFS request  startIndex=6000
2026-05-04 21:26:12,611  __main__  INFO  BAG: fetched 6700 panden
2026-05-04 21:26:12,611  __main__  INFO  BAG tile 25: bbox=[114188, 488709, 116188, 490709]
2026-05-04 21:26:12,611  __main__  INFO  BAG WFS request  startIndex=0
2026-05-04 21:26:13,373  __main__  INFO  BAG: fetched 510 panden
2026-05-04 21:26:13,373  __main__  INFO  BAG tile 26: bbox=[114188, 490709, 116188, 492709]
2026-05-04 21:26:13,374  __main__  INFO  BAG WFS request  startIndex=0
2026-05-04 21:26:13,901  __main__  INFO  BAG: fetched 257 panden
2026-05-04 21:26:13,901  __main__  INFO  BAG tile 27: bbox=[114188, 492709, 116188, 493894]
2026-05-04 21:26:13,901  __main__  INFO  BAG WFS request  startIndex=0
2026-05-04 21:26:14,530  __main__  INFO  BAG: fetched 559 panden
2026-05-04 21:26:14,530  __main__  INFO  BAG tile 28: bbox=[116188, 476709, 118188, 478709]
2026-05-04 21:26:14,530  __main__  INFO  BAG WFS request  startIndex=0
2026-05-04 21:26:15,170  __main__  INFO  BAG WFS request  startIndex=1000
2026-05-04 21:26:15,831  __main__  INFO  BAG WFS request  startIndex=2000
2026-05-04 21:26:17,318  __main__  INFO  BAG WFS request  startIndex=3000
2026-05-04 21:26:18,257  __main__  INFO  BAG WFS request  startIndex=4000
2026-05-04 21:26:19,079  __main__  INFO  BAG WFS request  startIndex=5000
2026-05-04 21:26:19,810  __main__  INFO  BAG WFS request  startIndex=6000
2026-05-04 21:26:20,644  __main__  INFO  BAG WFS request  startIndex=7000
2026-05-04 21:26:21,431  __main__  INFO  BAG WFS request  startIndex=8000
2026-05-04 21:26:22,090  __main__  INFO  BAG: fetched 8423 panden
2026-05-04 21:26:22,090  __main__  INFO  BAG tile 29: bbox=[116188, 478709, 118188, 480709]
2026-05-04 21:26:22,090  __main__  INFO  BAG WFS request  startIndex=0
2026-05-04 21:26:23,388  __main__  INFO  BAG WFS request  startIndex=1000
2026-05-04 21:26:24,123  __main__  INFO  BAG: fetched 1616 panden
2026-05-04 21:26:24,123  __main__  INFO  BAG tile 30: bbox=[116188, 480709, 118188, 482709]
2026-05-04 21:26:24,123  __main__  INFO  BAG WFS request  startIndex=0
2026-05-04 21:26:24,691  __main__  INFO  BAG: fetched 192 panden
2026-05-04 21:26:24,691  __main__  INFO  BAG tile 31: bbox=[116188, 482709, 118188, 484709]
2026-05-04 21:26:24,691  __main__  INFO  BAG WFS request  startIndex=0
2026-05-04 21:26:25,543  __main__  INFO  BAG WFS request  startIndex=1000
2026-05-04 21:26:26,229  __main__  INFO  BAG: fetched 1724 panden
2026-05-04 21:26:26,229  __main__  INFO  BAG tile 32: bbox=[116188, 484709, 118188, 486709]
2026-05-04 21:26:26,229  __main__  INFO  BAG WFS request  startIndex=0
2026-05-04 21:26:27,095  __main__  INFO  BAG WFS request  startIndex=1000
2026-05-04 21:26:27,934  __main__  INFO  BAG WFS request  startIndex=2000
2026-05-04 21:26:28,744  __main__  INFO  BAG WFS request  startIndex=3000
2026-05-04 21:26:29,550  __main__  INFO  BAG WFS request  startIndex=4000
2026-05-04 21:26:30,133  __main__  INFO  BAG: fetched 4474 panden
2026-05-04 21:26:30,133  __main__  INFO  BAG tile 33: bbox=[116188, 486709, 118188, 488709]
2026-05-04 21:26:30,133  __main__  INFO  BAG WFS request  startIndex=0
2026-05-04 21:26:30,901  __main__  INFO  BAG WFS request  startIndex=1000
2026-05-04 21:26:31,697  __main__  INFO  BAG WFS request  startIndex=2000
2026-05-04 21:26:32,544  __main__  INFO  BAG WFS request  startIndex=3000
2026-05-04 21:26:33,250  __main__  INFO  BAG WFS request  startIndex=4000
2026-05-04 21:26:33,921  __main__  INFO  BAG WFS request  startIndex=5000
2026-05-04 21:26:34,586  __main__  INFO  BAG: fetched 5346 panden
2026-05-04 21:26:34,586  __main__  INFO  BAG tile 34: bbox=[116188, 488709, 118188, 490709]
2026-05-04 21:26:34,586  __main__  INFO  BAG WFS request  startIndex=0
2026-05-04 21:26:35,601  __main__  INFO  BAG: fetched 772 panden
2026-05-04 21:26:35,601  __main__  INFO  BAG tile 35: bbox=[116188, 490709, 118188, 492709]
2026-05-04 21:26:35,601  __main__  INFO  BAG WFS request  startIndex=0
2026-05-04 21:26:36,287  __main__  INFO  BAG: fetched 450 panden
2026-05-04 21:26:36,287  __main__  INFO  BAG tile 36: bbox=[116188, 492709, 118188, 493894]
2026-05-04 21:26:36,287  __main__  INFO  BAG WFS request  startIndex=0
2026-05-04 21:26:36,961  __main__  INFO  BAG WFS request  startIndex=1000
2026-05-04 21:26:37,718  __main__  INFO  BAG WFS request  startIndex=2000
2026-05-04 21:26:38,140  __main__  INFO  BAG: fetched 1970 panden
2026-05-04 21:26:38,141  __main__  INFO  BAG tile 37: bbox=[118188, 476709, 120188, 478709]
2026-05-04 21:26:38,141  __main__  INFO  BAG WFS request  startIndex=0
2026-05-04 21:26:38,863  __main__  INFO  BAG WFS request  startIndex=1000
2026-05-04 21:26:39,696  __main__  INFO  BAG WFS request  startIndex=2000
2026-05-04 21:26:40,482  __main__  INFO  BAG WFS request  startIndex=3000
2026-05-04 21:26:41,286  __main__  INFO  BAG WFS request  startIndex=4000
2026-05-04 21:26:42,114  __main__  INFO  BAG WFS request  startIndex=5000
2026-05-04 21:26:42,930  __main__  INFO  BAG WFS request  startIndex=6000
2026-05-04 21:26:43,706  __main__  INFO  BAG WFS request  startIndex=7000
2026-05-04 21:26:45,560  __main__  INFO  BAG: fetched 7893 panden
2026-05-04 21:26:45,561  __main__  INFO  BAG tile 38: bbox=[118188, 478709, 120188, 480709]
2026-05-04 21:26:45,561  __main__  INFO  BAG WFS request  startIndex=0
2026-05-04 21:26:46,203  __main__  INFO  BAG WFS request  startIndex=1000
2026-05-04 21:26:46,954  __main__  INFO  BAG WFS request  startIndex=2000
2026-05-04 21:26:47,746  __main__  INFO  BAG WFS request  startIndex=3000
2026-05-04 21:26:48,478  __main__  INFO  BAG WFS request  startIndex=4000
2026-05-04 21:26:49,258  __main__  INFO  BAG WFS request  startIndex=5000
2026-05-04 21:26:50,016  __main__  INFO  BAG WFS request  startIndex=6000
2026-05-04 21:26:50,782  __main__  INFO  BAG WFS request  startIndex=7000
2026-05-04 21:26:51,536  __main__  INFO  BAG WFS request  startIndex=8000
2026-05-04 21:26:52,266  __main__  INFO  BAG WFS request  startIndex=9000
2026-05-04 21:26:53,053  __main__  INFO  BAG WFS request  startIndex=10000
2026-05-04 21:26:54,406  __main__  INFO  BAG WFS request  startIndex=11000
2026-05-04 21:26:56,427  __main__  INFO  BAG WFS request  startIndex=12000
2026-05-04 21:26:57,126  __main__  INFO  BAG: fetched 12676 panden
2026-05-04 21:26:57,126  __main__  INFO  BAG tile 39: bbox=[118188, 480709, 120188, 482709]
2026-05-04 21:26:57,126  __main__  INFO  BAG WFS request  startIndex=0
2026-05-04 21:26:57,924  __main__  INFO  BAG WFS request  startIndex=1000
2026-05-04 21:26:58,674  __main__  INFO  BAG WFS request  startIndex=2000
2026-05-04 21:26:59,510  __main__  INFO  BAG WFS request  startIndex=3000
2026-05-04 21:27:00,266  __main__  INFO  BAG WFS request  startIndex=4000
2026-05-04 21:27:01,163  __main__  INFO  BAG WFS request  startIndex=5000
2026-05-04 21:27:01,939  __main__  INFO  BAG WFS request  startIndex=6000
2026-05-04 21:27:02,438  __main__  INFO  BAG: fetched 6116 panden
2026-05-04 21:27:02,438  __main__  INFO  BAG tile 40: bbox=[118188, 482709, 120188, 484709]
2026-05-04 21:27:02,439  __main__  INFO  BAG WFS request  startIndex=0
2026-05-04 21:27:03,165  __main__  INFO  BAG WFS request  startIndex=1000
2026-05-04 21:27:03,908  __main__  INFO  BAG WFS request  startIndex=2000
2026-05-04 21:27:04,622  __main__  INFO  BAG WFS request  startIndex=3000
2026-05-04 21:27:05,327  __main__  INFO  BAG WFS request  startIndex=4000
2026-05-04 21:27:05,944  __main__  INFO  BAG: fetched 4477 panden
2026-05-04 21:27:05,944  __main__  INFO  BAG tile 41: bbox=[118188, 484709, 120188, 486709]
2026-05-04 21:27:05,944  __main__  INFO  BAG WFS request  startIndex=0
2026-05-04 21:27:06,695  __main__  INFO  BAG WFS request  startIndex=1000
2026-05-04 21:27:07,454  __main__  INFO  BAG WFS request  startIndex=2000
2026-05-04 21:27:08,265  __main__  INFO  BAG WFS request  startIndex=3000
2026-05-04 21:27:14,561  __main__  INFO  BAG WFS request  startIndex=4000
2026-05-04 21:27:15,349  __main__  INFO  BAG WFS request  startIndex=5000
2026-05-04 21:27:16,154  __main__  INFO  BAG WFS request  startIndex=6000
2026-05-04 21:27:16,926  __main__  INFO  BAG WFS request  startIndex=7000
2026-05-04 21:27:17,699  __main__  INFO  BAG WFS request  startIndex=8000
2026-05-04 21:27:18,500  __main__  INFO  BAG WFS request  startIndex=9000
2026-05-04 21:27:19,243  __main__  INFO  BAG WFS request  startIndex=10000
2026-05-04 21:27:19,947  __main__  INFO  BAG WFS request  startIndex=11000
2026-05-04 21:27:20,580  __main__  INFO  BAG: fetched 11411 panden
2026-05-04 21:27:20,580  __main__  INFO  BAG tile 42: bbox=[118188, 486709, 120188, 488709]
2026-05-04 21:27:20,580  __main__  INFO  BAG WFS request  startIndex=0
2026-05-04 21:27:21,314  __main__  INFO  BAG WFS request  startIndex=1000
2026-05-04 21:27:22,112  __main__  INFO  BAG WFS request  startIndex=2000
2026-05-04 21:27:22,858  __main__  INFO  BAG WFS request  startIndex=3000
2026-05-04 21:27:23,650  __main__  INFO  BAG WFS request  startIndex=4000
2026-05-04 21:27:24,401  __main__  INFO  BAG WFS request  startIndex=5000
2026-05-04 21:27:25,162  __main__  INFO  BAG WFS request  startIndex=6000
2026-05-04 21:27:25,939  __main__  INFO  BAG WFS request  startIndex=7000
2026-05-04 21:27:27,231  __main__  INFO  BAG WFS request  startIndex=8000
2026-05-04 21:27:28,184  __main__  INFO  BAG WFS request  startIndex=9000
2026-05-04 21:27:28,870  __main__  INFO  BAG WFS request  startIndex=10000
2026-05-04 21:27:29,568  __main__  INFO  BAG WFS request  startIndex=11000
2026-05-04 21:27:30,289  __main__  INFO  BAG: fetched 11637 panden
2026-05-04 21:27:30,289  __main__  INFO  BAG tile 43: bbox=[118188, 488709, 120188, 490709]
2026-05-04 21:27:30,289  __main__  INFO  BAG WFS request  startIndex=0
2026-05-04 21:27:31,080  __main__  INFO  BAG WFS request  startIndex=1000
2026-05-04 21:27:31,584  __main__  INFO  BAG: fetched 1293 panden
2026-05-04 21:27:31,585  __main__  INFO  BAG tile 44: bbox=[118188, 490709, 120188, 492709]
2026-05-04 21:27:31,585  __main__  INFO  BAG WFS request  startIndex=0
2026-05-04 21:27:32,337  __main__  INFO  BAG: fetched 502 panden
2026-05-04 21:27:32,337  __main__  INFO  BAG tile 45: bbox=[118188, 492709, 120188, 493894]
2026-05-04 21:27:32,337  __main__  INFO  BAG WFS request  startIndex=0
2026-05-04 21:27:32,825  __main__  INFO  BAG: fetched 308 panden
2026-05-04 21:27:32,825  __main__  INFO  BAG tile 46: bbox=[120188, 476709, 122188, 478709]
2026-05-04 21:27:32,825  __main__  INFO  BAG WFS request  startIndex=0
2026-05-04 21:27:33,722  __main__  INFO  BAG WFS request  startIndex=1000
2026-05-04 21:27:34,179  __main__  INFO  BAG: fetched 1043 panden
2026-05-04 21:27:34,179  __main__  INFO  BAG tile 47: bbox=[120188, 478709, 122188, 480709]
2026-05-04 21:27:34,179  __main__  INFO  BAG WFS request  startIndex=0
2026-05-04 21:27:34,992  __main__  INFO  BAG WFS request  startIndex=1000
2026-05-04 21:27:35,749  __main__  INFO  BAG WFS request  startIndex=2000
2026-05-04 21:27:36,303  __main__  INFO  BAG: fetched 2440 panden
2026-05-04 21:27:36,304  __main__  INFO  BAG tile 48: bbox=[120188, 480709, 122188, 482709]
2026-05-04 21:27:36,304  __main__  INFO  BAG WFS request  startIndex=0
2026-05-04 21:27:37,048  __main__  INFO  BAG WFS request  startIndex=1000
2026-05-04 21:27:37,765  __main__  INFO  BAG: fetched 1897 panden
2026-05-04 21:27:37,765  __main__  INFO  BAG tile 49: bbox=[120188, 482709, 122188, 484709]
2026-05-04 21:27:37,765  __main__  INFO  BAG WFS request  startIndex=0
2026-05-04 21:27:38,566  __main__  INFO  BAG WFS request  startIndex=1000
2026-05-04 21:27:39,456  __main__  INFO  BAG WFS request  startIndex=2000
2026-05-04 21:27:40,422  __main__  INFO  BAG WFS request  startIndex=3000
2026-05-04 21:27:41,099  __main__  INFO  BAG WFS request  startIndex=4000
2026-05-04 21:27:41,735  __main__  INFO  BAG WFS request  startIndex=5000
2026-05-04 21:27:42,334  __main__  INFO  BAG: fetched 5507 panden
2026-05-04 21:27:42,334  __main__  INFO  BAG tile 50: bbox=[120188, 484709, 122188, 486709]
2026-05-04 21:27:42,334  __main__  INFO  BAG WFS request  startIndex=0
2026-05-04 21:27:43,070  __main__  INFO  BAG WFS request  startIndex=1000
2026-05-04 21:27:43,796  __main__  INFO  BAG WFS request  startIndex=2000
2026-05-04 21:27:44,505  __main__  INFO  BAG WFS request  startIndex=3000
2026-05-04 21:27:45,245  __main__  INFO  BAG WFS request  startIndex=4000
2026-05-04 21:27:46,022  __main__  INFO  BAG WFS request  startIndex=5000
2026-05-04 21:27:46,798  __main__  INFO  BAG WFS request  startIndex=6000
2026-05-04 21:27:48,538  __main__  INFO  BAG WFS request  startIndex=7000
2026-05-04 21:27:49,309  __main__  INFO  BAG WFS request  startIndex=8000
2026-05-04 21:27:50,033  __main__  INFO  BAG WFS request  startIndex=9000
2026-05-04 21:27:50,743  __main__  INFO  BAG WFS request  startIndex=10000
2026-05-04 21:27:51,601  __main__  INFO  BAG WFS request  startIndex=11000
2026-05-04 21:27:52,479  __main__  INFO  BAG: fetched 11732 panden
2026-05-04 21:27:52,479  __main__  INFO  BAG tile 51: bbox=[120188, 486709, 122188, 488709]
2026-05-04 21:27:52,480  __main__  INFO  BAG WFS request  startIndex=0
2026-05-04 21:27:53,316  __main__  INFO  BAG WFS request  startIndex=1000
2026-05-04 21:27:54,083  __main__  INFO  BAG WFS request  startIndex=2000
2026-05-04 21:27:54,910  __main__  INFO  BAG WFS request  startIndex=3000
2026-05-04 21:27:55,656  __main__  INFO  BAG WFS request  startIndex=4000
2026-05-04 21:27:56,347  __main__  INFO  BAG WFS request  startIndex=5000
2026-05-04 21:27:57,074  __main__  INFO  BAG WFS request  startIndex=6000
2026-05-04 21:27:57,838  __main__  INFO  BAG WFS request  startIndex=7000
2026-05-04 21:27:58,655  __main__  INFO  BAG WFS request  startIndex=8000
2026-05-04 21:27:59,467  __main__  INFO  BAG WFS request  startIndex=9000
2026-05-04 21:28:00,232  __main__  INFO  BAG WFS request  startIndex=10000
2026-05-04 21:28:00,856  __main__  INFO  BAG: fetched 10363 panden
2026-05-04 21:28:00,856  __main__  INFO  BAG tile 52: bbox=[120188, 488709, 122188, 490709]
2026-05-04 21:28:00,856  __main__  INFO  BAG WFS request  startIndex=0
2026-05-04 21:28:01,622  __main__  INFO  BAG WFS request  startIndex=1000
2026-05-04 21:28:02,326  __main__  INFO  BAG WFS request  startIndex=2000
2026-05-04 21:28:02,813  __main__  INFO  BAG: fetched 2023 panden
2026-05-04 21:28:02,814  __main__  INFO  BAG tile 53: bbox=[120188, 490709, 122188, 492709]
2026-05-04 21:28:02,814  __main__  INFO  BAG WFS request  startIndex=0
2026-05-04 21:28:03,555  __main__  INFO  BAG WFS request  startIndex=1000
2026-05-04 21:28:04,310  __main__  INFO  BAG WFS request  startIndex=2000
2026-05-04 21:28:05,056  __main__  INFO  BAG WFS request  startIndex=3000
2026-05-04 21:28:05,739  __main__  INFO  BAG WFS request  startIndex=4000
2026-05-04 21:28:06,434  __main__  INFO  BAG WFS request  startIndex=5000
2026-05-04 21:28:07,181  __main__  INFO  BAG WFS request  startIndex=6000
2026-05-04 21:28:08,412  __main__  INFO  BAG WFS request  startIndex=7000
2026-05-04 21:28:09,054  __main__  INFO  BAG WFS request  startIndex=8000
2026-05-04 21:28:09,696  __main__  INFO  BAG WFS request  startIndex=9000
2026-05-04 21:28:10,394  __main__  INFO  BAG WFS request  startIndex=10000
2026-05-04 21:28:11,010  __main__  INFO  BAG: fetched 10394 panden
2026-05-04 21:28:11,011  __main__  INFO  BAG tile 54: bbox=[120188, 492709, 122188, 493894]
2026-05-04 21:28:11,011  __main__  INFO  BAG WFS request  startIndex=0
2026-05-04 21:28:11,674  __main__  INFO  BAG WFS request  startIndex=1000
2026-05-04 21:28:12,504  __main__  INFO  BAG WFS request  startIndex=2000
2026-05-04 21:28:13,155  __main__  INFO  BAG WFS request  startIndex=3000
2026-05-04 21:28:13,698  __main__  INFO  BAG: fetched 3273 panden
2026-05-04 21:28:13,698  __main__  INFO  BAG tile 55: bbox=[122188, 476709, 124188, 478709]
2026-05-04 21:28:13,698  __main__  INFO  BAG WFS request  startIndex=0
2026-05-04 21:28:14,446  __main__  INFO  BAG WFS request  startIndex=1000
2026-05-04 21:28:15,220  __main__  INFO  BAG: fetched 1959 panden
2026-05-04 21:28:15,220  __main__  INFO  BAG tile 56: bbox=[122188, 478709, 124188, 480709]
2026-05-04 21:28:15,220  __main__  INFO  BAG WFS request  startIndex=0
2026-05-04 21:28:16,386  __main__  INFO  BAG WFS request  startIndex=1000
2026-05-04 21:28:17,091  __main__  INFO  BAG WFS request  startIndex=2000
2026-05-04 21:28:17,727  __main__  INFO  BAG: fetched 2602 panden
2026-05-04 21:28:17,727  __main__  INFO  BAG tile 57: bbox=[122188, 480709, 124188, 482709]
2026-05-04 21:28:17,727  __main__  INFO  BAG WFS request  startIndex=0
2026-05-04 21:28:18,409  __main__  INFO  BAG WFS request  startIndex=1000
2026-05-04 21:28:19,303  __main__  INFO  BAG: fetched 1940 panden
2026-05-04 21:28:19,303  __main__  INFO  BAG tile 58: bbox=[122188, 482709, 124188, 484709]
2026-05-04 21:28:19,303  __main__  INFO  BAG WFS request  startIndex=0
2026-05-04 21:28:21,043  __main__  INFO  BAG WFS request  startIndex=1000
2026-05-04 21:28:21,791  __main__  INFO  BAG WFS request  startIndex=2000
2026-05-04 21:28:22,603  __main__  INFO  BAG WFS request  startIndex=3000
2026-05-04 21:28:23,304  __main__  INFO  BAG WFS request  startIndex=4000
2026-05-04 21:28:23,828  __main__  INFO  BAG: fetched 4139 panden
2026-05-04 21:28:23,828  __main__  INFO  BAG tile 59: bbox=[122188, 484709, 124188, 486709]
2026-05-04 21:28:23,828  __main__  INFO  BAG WFS request  startIndex=0
2026-05-04 21:28:24,882  __main__  INFO  BAG WFS request  startIndex=1000
2026-05-04 21:28:25,635  __main__  INFO  BAG WFS request  startIndex=2000
2026-05-04 21:28:26,650  __main__  INFO  BAG WFS request  startIndex=3000
2026-05-04 21:28:27,463  __main__  INFO  BAG WFS request  startIndex=4000
2026-05-04 21:28:28,739  __main__  INFO  BAG WFS request  startIndex=5000
2026-05-04 21:28:29,531  __main__  INFO  BAG WFS request  startIndex=6000
2026-05-04 21:28:30,242  __main__  INFO  BAG WFS request  startIndex=7000
2026-05-04 21:28:30,969  __main__  INFO  BAG: fetched 7731 panden
2026-05-04 21:28:30,969  __main__  INFO  BAG tile 60: bbox=[122188, 486709, 124188, 488709]
2026-05-04 21:28:30,969  __main__  INFO  BAG WFS request  startIndex=0
2026-05-04 21:28:31,774  __main__  INFO  BAG WFS request  startIndex=1000
2026-05-04 21:28:32,521  __main__  INFO  BAG WFS request  startIndex=2000
2026-05-04 21:28:33,138  __main__  INFO  BAG: fetched 2321 panden
2026-05-04 21:28:33,138  __main__  INFO  BAG tile 61: bbox=[122188, 488709, 124188, 490709]
2026-05-04 21:28:33,138  __main__  INFO  BAG WFS request  startIndex=0
2026-05-04 21:28:33,895  __main__  INFO  BAG WFS request  startIndex=1000
2026-05-04 21:28:34,654  __main__  INFO  BAG WFS request  startIndex=2000
2026-05-04 21:28:35,502  __main__  INFO  BAG WFS request  startIndex=3000
2026-05-04 21:28:36,271  __main__  INFO  BAG WFS request  startIndex=4000
2026-05-04 21:28:37,021  __main__  INFO  BAG WFS request  startIndex=5000
2026-05-04 21:28:37,780  __main__  INFO  BAG WFS request  startIndex=6000
2026-05-04 21:28:38,432  __main__  INFO  BAG WFS request  startIndex=7000
2026-05-04 21:28:39,121  __main__  INFO  BAG WFS request  startIndex=8000
2026-05-04 21:28:39,821  __main__  INFO  BAG WFS request  startIndex=9000
2026-05-04 21:28:40,561  __main__  INFO  BAG WFS request  startIndex=10000
2026-05-04 21:28:41,011  __main__  INFO  BAG: fetched 9980 panden
2026-05-04 21:28:41,011  __main__  INFO  BAG tile 62: bbox=[122188, 490709, 124188, 492709]
2026-05-04 21:28:41,011  __main__  INFO  BAG WFS request  startIndex=0
2026-05-04 21:28:41,579  __main__  INFO  BAG WFS request  startIndex=1000
2026-05-04 21:28:42,127  __main__  INFO  BAG WFS request  startIndex=2000
2026-05-04 21:28:42,664  __main__  INFO  BAG WFS request  startIndex=3000
2026-05-04 21:28:43,191  __main__  INFO  BAG: fetched 3665 panden
2026-05-04 21:28:43,191  __main__  INFO  BAG tile 63: bbox=[122188, 492709, 124188, 493894]
2026-05-04 21:28:43,191  __main__  INFO  BAG WFS request  startIndex=0
2026-05-04 21:28:43,893  __main__  INFO  BAG WFS request  startIndex=1000
2026-05-04 21:28:44,563  __main__  INFO  BAG WFS request  startIndex=2000
2026-05-04 21:28:45,217  __main__  INFO  BAG WFS request  startIndex=3000
2026-05-04 21:28:45,750  __main__  INFO  BAG: fetched 3480 panden
2026-05-04 21:28:45,750  __main__  INFO  BAG tile 64: bbox=[124188, 476709, 126188, 478709]
2026-05-04 21:28:45,750  __main__  INFO  BAG WFS request  startIndex=0
2026-05-04 21:28:46,235  __main__  INFO  BAG: fetched 166 panden
2026-05-04 21:28:46,235  __main__  INFO  BAG tile 65: bbox=[124188, 478709, 126188, 480709]
2026-05-04 21:28:46,235  __main__  INFO  BAG WFS request  startIndex=0
2026-05-04 21:28:47,137  __main__  INFO  BAG WFS request  startIndex=1000
2026-05-04 21:28:47,645  __main__  INFO  BAG: fetched 1145 panden
2026-05-04 21:28:47,645  __main__  INFO  BAG tile 66: bbox=[124188, 480709, 126188, 482709]
2026-05-04 21:28:47,645  __main__  INFO  BAG WFS request  startIndex=0
2026-05-04 21:28:48,395  __main__  INFO  BAG WFS request  startIndex=1000
2026-05-04 21:28:49,083  __main__  INFO  BAG WFS request  startIndex=2000
2026-05-04 21:28:49,741  __main__  INFO  BAG WFS request  startIndex=3000
2026-05-04 21:28:50,512  __main__  INFO  BAG WFS request  startIndex=4000
2026-05-04 21:28:51,219  __main__  INFO  BAG: fetched 4371 panden
2026-05-04 21:28:51,219  __main__  INFO  BAG tile 67: bbox=[124188, 482709, 126188, 484709]
2026-05-04 21:28:51,220  __main__  INFO  BAG WFS request  startIndex=0
2026-05-04 21:28:52,007  __main__  INFO  BAG WFS request  startIndex=1000
2026-05-04 21:28:52,675  __main__  INFO  BAG WFS request  startIndex=2000
2026-05-04 21:28:53,292  __main__  INFO  BAG WFS request  startIndex=3000
2026-05-04 21:28:53,937  __main__  INFO  BAG WFS request  startIndex=4000
2026-05-04 21:28:54,624  __main__  INFO  BAG WFS request  startIndex=5000
2026-05-04 21:28:55,275  __main__  INFO  BAG WFS request  startIndex=6000
2026-05-04 21:28:56,187  __main__  INFO  BAG WFS request  startIndex=7000
2026-05-04 21:28:56,946  __main__  INFO  BAG WFS request  startIndex=8000
2026-05-04 21:28:58,112  __main__  INFO  BAG WFS request  startIndex=9000
2026-05-04 21:28:58,793  __main__  INFO  BAG: fetched 9520 panden
2026-05-04 21:28:58,793  __main__  INFO  BAG tile 68: bbox=[124188, 484709, 126188, 486709]
2026-05-04 21:28:58,794  __main__  INFO  BAG WFS request  startIndex=0
2026-05-04 21:28:59,542  __main__  INFO  BAG WFS request  startIndex=1000
2026-05-04 21:29:01,092  __main__  INFO  BAG WFS request  startIndex=2000
2026-05-04 21:29:01,891  __main__  INFO  BAG WFS request  startIndex=3000
2026-05-04 21:29:02,979  __main__  INFO  BAG: fetched 3554 panden
2026-05-04 21:29:02,979  __main__  INFO  BAG tile 69: bbox=[124188, 486709, 126188, 488709]
2026-05-04 21:29:02,979  __main__  INFO  BAG WFS request  startIndex=0
2026-05-04 21:29:03,785  __main__  INFO  BAG WFS request  startIndex=1000
2026-05-04 21:29:04,468  __main__  INFO  BAG: fetched 1645 panden
2026-05-04 21:29:04,468  __main__  INFO  BAG tile 70: bbox=[124188, 488709, 126188, 490709]
2026-05-04 21:29:04,468  __main__  INFO  BAG WFS request  startIndex=0
2026-05-04 21:29:05,271  __main__  INFO  BAG WFS request  startIndex=1000
2026-05-04 21:29:06,005  __main__  INFO  BAG WFS request  startIndex=2000
2026-05-04 21:29:06,697  __main__  INFO  BAG WFS request  startIndex=3000
2026-05-04 21:29:07,411  __main__  INFO  BAG WFS request  startIndex=4000
2026-05-04 21:29:08,134  __main__  INFO  BAG WFS request  startIndex=5000
2026-05-04 21:29:08,805  __main__  INFO  BAG WFS request  startIndex=6000
2026-05-04 21:29:09,287  __main__  INFO  BAG: fetched 6033 panden
2026-05-04 21:29:09,287  __main__  INFO  BAG tile 71: bbox=[124188, 490709, 126188, 492709]
2026-05-04 21:29:09,287  __main__  INFO  BAG WFS request  startIndex=0
2026-05-04 21:29:09,782  __main__  INFO  BAG: fetched 408 panden
2026-05-04 21:29:09,782  __main__  INFO  BAG tile 72: bbox=[124188, 492709, 126188, 493894]
2026-05-04 21:29:09,782  __main__  INFO  BAG WFS request  startIndex=0
2026-05-04 21:29:10,336  __main__  INFO  BAG: fetched 320 panden
2026-05-04 21:29:10,336  __main__  INFO  BAG tile 73: bbox=[126188, 476709, 128188, 478709]
2026-05-04 21:29:10,336  __main__  INFO  BAG WFS request  startIndex=0
2026-05-04 21:29:11,108  __main__  INFO  BAG WFS request  startIndex=1000
2026-05-04 21:29:12,525  __main__  INFO  BAG WFS request  startIndex=2000
2026-05-04 21:29:13,219  __main__  INFO  BAG WFS request  startIndex=3000
2026-05-04 21:29:13,780  __main__  INFO  BAG: fetched 3516 panden
2026-05-04 21:29:13,780  __main__  INFO  BAG tile 74: bbox=[126188, 478709, 128188, 480709]
2026-05-04 21:29:13,780  __main__  INFO  BAG WFS request  startIndex=0
2026-05-04 21:29:14,993  __main__  INFO  BAG WFS request  startIndex=1000
2026-05-04 21:29:15,688  __main__  INFO  BAG WFS request  startIndex=2000
2026-05-04 21:29:16,397  __main__  INFO  BAG WFS request  startIndex=3000
2026-05-04 21:29:17,053  __main__  INFO  BAG WFS request  startIndex=4000
2026-05-04 21:29:17,699  __main__  INFO  BAG: fetched 4702 panden
2026-05-04 21:29:17,699  __main__  INFO  BAG tile 75: bbox=[126188, 480709, 128188, 482709]
2026-05-04 21:29:17,699  __main__  INFO  BAG WFS request  startIndex=0
2026-05-04 21:29:18,424  __main__  INFO  BAG WFS request  startIndex=1000
2026-05-04 21:29:19,101  __main__  INFO  BAG WFS request  startIndex=2000
2026-05-04 21:29:19,819  __main__  INFO  BAG WFS request  startIndex=3000
2026-05-04 21:29:20,424  __main__  INFO  BAG WFS request  startIndex=4000
2026-05-04 21:29:21,166  __main__  INFO  BAG WFS request  startIndex=5000
2026-05-04 21:29:21,927  __main__  INFO  BAG WFS request  startIndex=6000
2026-05-04 21:29:22,570  __main__  INFO  BAG: fetched 6282 panden
2026-05-04 21:29:22,570  __main__  INFO  BAG tile 76: bbox=[126188, 482709, 128188, 484709]
2026-05-04 21:29:22,570  __main__  INFO  BAG WFS request  startIndex=0
2026-05-04 21:29:23,273  __main__  INFO  BAG WFS request  startIndex=1000
2026-05-04 21:29:24,093  __main__  INFO  BAG WFS request  startIndex=2000
2026-05-04 21:29:24,904  __main__  INFO  BAG WFS request  startIndex=3000
2026-05-04 21:29:25,567  __main__  INFO  BAG WFS request  startIndex=4000
2026-05-04 21:29:26,081  __main__  INFO  BAG: fetched 4346 panden
2026-05-04 21:29:26,081  __main__  INFO  BAG tile 77: bbox=[126188, 484709, 128188, 486709]
2026-05-04 21:29:26,081  __main__  INFO  BAG WFS request  startIndex=0
2026-05-04 21:29:26,868  __main__  INFO  BAG WFS request  startIndex=1000
2026-05-04 21:29:28,165  __main__  INFO  BAG WFS request  startIndex=2000
2026-05-04 21:29:28,867  __main__  INFO  BAG WFS request  startIndex=3000
2026-05-04 21:29:29,452  __main__  INFO  BAG: fetched 3559 panden
2026-05-04 21:29:29,453  __main__  INFO  BAG tile 78: bbox=[126188, 486709, 128188, 488709]
2026-05-04 21:29:29,453  __main__  INFO  BAG WFS request  startIndex=0
2026-05-04 21:29:30,822  __main__  INFO  BAG: fetched 704 panden
2026-05-04 21:29:30,822  __main__  INFO  BAG tile 79: bbox=[126188, 488709, 128188, 490709]
2026-05-04 21:29:30,822  __main__  INFO  BAG WFS request  startIndex=0
2026-05-04 21:29:31,282  __main__  INFO  BAG: fetched 102 panden
2026-05-04 21:29:31,282  __main__  INFO  BAG tile 80: bbox=[126188, 490709, 128188, 492709]
2026-05-04 21:29:31,282  __main__  INFO  BAG WFS request  startIndex=0
2026-05-04 21:29:31,827  __main__  INFO  BAG: fetched 257 panden
2026-05-04 21:29:31,828  __main__  INFO  BAG tile 81: bbox=[126188, 492709, 128188, 493894]
2026-05-04 21:29:31,828  __main__  INFO  BAG WFS request  startIndex=0
2026-05-04 21:29:32,354  __main__  INFO  BAG: fetched 218 panden
2026-05-04 21:29:32,354  __main__  INFO  BAG tile 82: bbox=[128188, 476709, 130188, 478709]
2026-05-04 21:29:32,354  __main__  INFO  BAG WFS request  startIndex=0
2026-05-04 21:29:32,929  __main__  INFO  BAG: fetched 351 panden
2026-05-04 21:29:32,930  __main__  INFO  BAG tile 83: bbox=[128188, 478709, 130188, 480709]
2026-05-04 21:29:32,930  __main__  INFO  BAG WFS request  startIndex=0
2026-05-04 21:29:33,616  __main__  INFO  BAG WFS request  startIndex=1000
2026-05-04 21:29:34,343  __main__  INFO  BAG WFS request  startIndex=2000
2026-05-04 21:29:35,009  __main__  INFO  BAG: fetched 2716 panden
2026-05-04 21:29:35,009  __main__  INFO  BAG tile 84: bbox=[128188, 480709, 130188, 482709]
2026-05-04 21:29:35,009  __main__  INFO  BAG WFS request  startIndex=0
2026-05-04 21:29:35,466  __main__  INFO  BAG: fetched 96 panden
2026-05-04 21:29:35,466  __main__  INFO  BAG tile 85: bbox=[128188, 482709, 130188, 484709]
2026-05-04 21:29:35,466  __main__  INFO  BAG WFS request  startIndex=0
2026-05-04 21:29:36,250  __main__  INFO  BAG WFS request  startIndex=1000
2026-05-04 21:29:36,798  __main__  INFO  BAG: fetched 1227 panden
2026-05-04 21:29:36,798  __main__  INFO  BAG tile 86: bbox=[128188, 484709, 130188, 486709]
2026-05-04 21:29:36,798  __main__  INFO  BAG WFS request  startIndex=0
2026-05-04 21:29:37,579  __main__  INFO  BAG WFS request  startIndex=1000
2026-05-04 21:29:38,278  __main__  INFO  BAG WFS request  startIndex=2000
2026-05-04 21:29:38,698  __main__  INFO  BAG: fetched 1922 panden
2026-05-04 21:29:38,698  __main__  INFO  BAG tile 87: bbox=[128188, 486709, 130188, 488709]
2026-05-04 21:29:38,698  __main__  INFO  BAG WFS request  startIndex=0
2026-05-04 21:29:39,189  __main__  INFO  BAG: fetched 230 panden
2026-05-04 21:29:39,189  __main__  INFO  BAG tile 88: bbox=[128188, 488709, 130188, 490709]
2026-05-04 21:29:39,189  __main__  INFO  BAG WFS request  startIndex=0
2026-05-04 21:29:39,729  __main__  INFO  BAG: fetched 356 panden
2026-05-04 21:29:39,729  __main__  INFO  BAG tile 89: bbox=[128188, 490709, 130188, 492709]
2026-05-04 21:29:39,729  __main__  INFO  BAG WFS request  startIndex=0
2026-05-04 21:29:40,167  __main__  INFO  BAG: fetched 87 panden
2026-05-04 21:29:40,167  __main__  INFO  BAG tile 90: bbox=[128188, 492709, 130188, 493894]
2026-05-04 21:29:40,167  __main__  INFO  BAG WFS request  startIndex=0
2026-05-04 21:29:40,743  __main__  INFO  BAG: fetched 680 panden
2026-05-04 21:29:40,743  __main__  INFO  BAG tile 91: bbox=[130188, 476709, 132188, 478709]
2026-05-04 21:29:40,743  __main__  INFO  BAG WFS request  startIndex=0
2026-05-04 21:29:41,271  __main__  INFO  BAG: fetched 112 panden
2026-05-04 21:29:41,271  __main__  INFO  BAG tile 92: bbox=[130188, 478709, 132188, 480709]
2026-05-04 21:29:41,271  __main__  INFO  BAG WFS request  startIndex=0
2026-05-04 21:29:42,115  __main__  INFO  BAG WFS request  startIndex=1000
2026-05-04 21:29:43,390  __main__  INFO  BAG WFS request  startIndex=2000
2026-05-04 21:29:44,135  __main__  INFO  BAG WFS request  startIndex=3000
2026-05-04 21:29:44,849  __main__  INFO  BAG WFS request  startIndex=4000
2026-05-04 21:29:45,566  __main__  INFO  BAG WFS request  startIndex=5000
2026-05-04 21:29:46,270  __main__  INFO  BAG WFS request  startIndex=6000
2026-05-04 21:29:46,945  __main__  INFO  BAG WFS request  startIndex=7000
2026-05-04 21:29:48,052  __main__  INFO  BAG WFS request  startIndex=8000
2026-05-04 21:29:48,529  __main__  INFO  BAG: fetched 8002 panden
2026-05-04 21:29:48,529  __main__  INFO  BAG tile 93: bbox=[130188, 480709, 132188, 482709]
2026-05-04 21:29:48,529  __main__  INFO  BAG WFS request  startIndex=0
2026-05-04 21:29:49,209  __main__  INFO  BAG WFS request  startIndex=1000
2026-05-04 21:29:49,879  __main__  INFO  BAG WFS request  startIndex=2000
2026-05-04 21:29:50,544  __main__  INFO  BAG WFS request  startIndex=3000
2026-05-04 21:29:51,194  __main__  INFO  BAG WFS request  startIndex=4000
2026-05-04 21:29:52,142  __main__  INFO  BAG: fetched 4123 panden
2026-05-04 21:29:52,142  __main__  INFO  BAG tile 94: bbox=[130188, 482709, 132188, 484709]
2026-05-04 21:29:52,142  __main__  INFO  BAG WFS request  startIndex=0
2026-05-04 21:29:52,709  __main__  INFO  BAG: fetched 106 panden
2026-05-04 21:29:52,709  __main__  INFO  BAG tile 95: bbox=[130188, 484709, 132188, 486709]
2026-05-04 21:29:52,709  __main__  INFO  BAG WFS request  startIndex=0
2026-05-04 21:29:53,119  __main__  INFO  BAG: fetched 0 panden
2026-05-04 21:29:53,119  __main__  INFO  BAG tile 96: bbox=[130188, 486709, 132188, 488709]
2026-05-04 21:29:53,119  __main__  INFO  BAG WFS request  startIndex=0
2026-05-04 21:29:53,508  __main__  INFO  BAG: fetched 0 panden
2026-05-04 21:29:53,508  __main__  INFO  BAG tile 97: bbox=[130188, 488709, 132188, 490709]
2026-05-04 21:29:53,508  __main__  INFO  BAG WFS request  startIndex=0
2026-05-04 21:29:53,965  __main__  INFO  BAG: fetched 40 panden
2026-05-04 21:29:53,965  __main__  INFO  BAG tile 98: bbox=[130188, 490709, 132188, 492709]
2026-05-04 21:29:53,965  __main__  INFO  BAG WFS request  startIndex=0
2026-05-04 21:29:54,398  __main__  INFO  BAG: fetched 179 panden
2026-05-04 21:29:54,399  __main__  INFO  BAG tile 99: bbox=[130188, 492709, 132188, 493894]
2026-05-04 21:29:54,399  __main__  INFO  BAG WFS request  startIndex=0
2026-05-04 21:29:54,853  __main__  INFO  BAG: fetched 153 panden
2026-05-04 21:29:54,853  __main__  INFO  BAG tile 100: bbox=[132188, 476709, 134188, 478709]
2026-05-04 21:29:54,853  __main__  INFO  BAG WFS request  startIndex=0
2026-05-04 21:29:55,381  __main__  INFO  BAG: fetched 307 panden
2026-05-04 21:29:55,381  __main__  INFO  BAG tile 101: bbox=[132188, 478709, 134188, 480709]
2026-05-04 21:29:55,382  __main__  INFO  BAG WFS request  startIndex=0
2026-05-04 21:29:55,926  __main__  INFO  BAG: fetched 355 panden
2026-05-04 21:29:55,926  __main__  INFO  BAG tile 102: bbox=[132188, 480709, 134188, 482709]
2026-05-04 21:29:55,926  __main__  INFO  BAG WFS request  startIndex=0
2026-05-04 21:29:56,617  __main__  INFO  BAG WFS request  startIndex=1000
2026-05-04 21:29:57,303  __main__  INFO  BAG WFS request  startIndex=2000
2026-05-04 21:29:57,856  __main__  INFO  BAG: fetched 2329 panden
2026-05-04 21:29:57,856  __main__  INFO  BAG tile 103: bbox=[132188, 482709, 134188, 484709]
2026-05-04 21:29:57,856  __main__  INFO  BAG WFS request  startIndex=0
2026-05-04 21:29:58,542  __main__  INFO  BAG WFS request  startIndex=1000
2026-05-04 21:29:59,314  __main__  INFO  BAG: fetched 1916 panden
2026-05-04 21:29:59,314  __main__  INFO  BAG tile 104: bbox=[132188, 484709, 134188, 486709]
2026-05-04 21:29:59,314  __main__  INFO  BAG WFS request  startIndex=0
2026-05-04 21:29:59,677  __main__  INFO  BAG: fetched 9 panden
2026-05-04 21:29:59,677  __main__  INFO  BAG tile 105: bbox=[132188, 486709, 134188, 488709]
2026-05-04 21:29:59,677  __main__  INFO  BAG WFS request  startIndex=0
2026-05-04 21:30:00,014  __main__  INFO  BAG: fetched 0 panden
2026-05-04 21:30:00,014  __main__  INFO  BAG tile 106: bbox=[132188, 488709, 134188, 490709]
2026-05-04 21:30:00,014  __main__  INFO  BAG WFS request  startIndex=0
2026-05-04 21:30:00,454  __main__  INFO  BAG: fetched 0 panden
2026-05-04 21:30:00,454  __main__  INFO  BAG tile 107: bbox=[132188, 490709, 134188, 492709]
2026-05-04 21:30:00,454  __main__  INFO  BAG WFS request  startIndex=0
2026-05-04 21:30:00,945  __main__  INFO  BAG: fetched 105 panden
2026-05-04 21:30:00,945  __main__  INFO  BAG tile 108: bbox=[132188, 492709, 134188, 493894]
2026-05-04 21:30:00,945  __main__  INFO  BAG WFS request  startIndex=0
2026-05-04 21:30:01,378  __main__  INFO  BAG: fetched 163 panden
2026-05-04 21:30:01,379  __main__  INFO  BAG tile 109: bbox=[134188, 476709, 135933, 478709]
2026-05-04 21:30:01,379  __main__  INFO  BAG WFS request  startIndex=0
2026-05-04 21:30:01,798  __main__  INFO  BAG: fetched 42 panden
2026-05-04 21:30:01,798  __main__  INFO  BAG tile 110: bbox=[134188, 478709, 135933, 480709]
2026-05-04 21:30:01,798  __main__  INFO  BAG WFS request  startIndex=0
2026-05-04 21:30:02,176  __main__  INFO  BAG: fetched 82 panden
2026-05-04 21:30:02,176  __main__  INFO  BAG tile 111: bbox=[134188, 480709, 135933, 482709]
2026-05-04 21:30:02,176  __main__  INFO  BAG WFS request  startIndex=0
2026-05-04 21:30:02,668  __main__  INFO  BAG: fetched 139 panden
2026-05-04 21:30:02,668  __main__  INFO  BAG tile 112: bbox=[134188, 482709, 135933, 484709]
2026-05-04 21:30:02,669  __main__  INFO  BAG WFS request  startIndex=0
2026-05-04 21:30:03,083  __main__  INFO  BAG: fetched 30 panden
2026-05-04 21:30:03,084  __main__  INFO  BAG tile 113: bbox=[134188, 484709, 135933, 486709]
2026-05-04 21:30:03,084  __main__  INFO  BAG WFS request  startIndex=0
2026-05-04 21:30:03,451  __main__  INFO  BAG: fetched 0 panden
2026-05-04 21:30:03,452  __main__  INFO  BAG tile 114: bbox=[134188, 486709, 135933, 488709]
2026-05-04 21:30:03,452  __main__  INFO  BAG WFS request  startIndex=0
2026-05-04 21:30:03,896  __main__  INFO  BAG: fetched 0 panden
2026-05-04 21:30:03,896  __main__  INFO  BAG tile 115: bbox=[134188, 488709, 135933, 490709]
2026-05-04 21:30:03,897  __main__  INFO  BAG WFS request  startIndex=0
2026-05-04 21:30:04,248  __main__  INFO  BAG: fetched 0 panden
2026-05-04 21:30:04,248  __main__  INFO  BAG tile 116: bbox=[134188, 490709, 135933, 492709]
2026-05-04 21:30:04,248  __main__  INFO  BAG WFS request  startIndex=0
2026-05-04 21:30:04,658  __main__  INFO  BAG: fetched 0 panden
2026-05-04 21:30:04,658  __main__  INFO  BAG tile 117: bbox=[134188, 492709, 135933, 493894]
2026-05-04 21:30:04,658  __main__  INFO  BAG WFS request  startIndex=0
2026-05-04 21:30:05,099  __main__  INFO  BAG: fetched 0 panden
2026-05-04 21:30:05,219  __main__  INFO  BAG tiled: 291340 unique panden across 117 tiles (2900 duplicates dropped)
2026-05-04 21:30:05,227  __main__  INFO  === Loading EP-Online data ===
2026-05-04 21:30:21,298  __main__  INFO  EP-Online: loaded 69455 records for postcode prefix(es) ['10', '11']
2026-05-04 21:30:21,300  __main__  INFO  === Joining BAG + EP-Online ===
2026-05-04 21:30:21,479  __main__  INFO  Before join ¡X BAG: 291340, EP-Online: 69578
2026-05-04 21:30:21,539  __main__  INFO  After EP-Online join: 65276 rows
2026-05-04 21:30:21,559  __main__  INFO  After filtering & dedup: 63785 rows
2026-05-04 21:30:21,559  __main__  INFO  Keeping all 20 columns
2026-05-04 21:30:21,561  __main__  INFO  === Validating and saving ===
2026-05-04 21:30:21,788  __main__  INFO  Validation passed. Saved 63785 buildings to D:\ITBE\Thesis\semi-synthetic-building-energy\data\processed\amsterdam\bag_ep_joined.parquet

=== Step 1 Report ===
  total_buildings: 63785
  unique_labels: 11
  label_distribution: {'C': 16145, 'A': 16084, 'B': 11135, 'D': 7217, 'E': 3963, 'A+': 3531, 'F': 2095, 'G': 1795, 'A++': 1197, 'A+++': 526, 'A++++': 97}
  unique_periods: 5
  period_distribution: {'1900-1949': 28127, '1950-1999': 25171, '1850-1899': 5625, '>2000': 4406, '1800-1849': 456}
  output_path: D:\ITBE\Thesis\semi-synthetic-building-energy\data\processed\amsterdam\bag_ep_joined.parquet
