Loading TABULA CSV from D:\ITBE\Thesis\semi-synthetic-building-energy\data\processed\tabula_nl.csv
TABULA lookup: 24 archetypes
No LOD2 output (None) ¡X using joined data directly
Loaded 63785 buildings with 21 columns
Matching TABULA archetypes
Unmapped Gebouwtype (349 rows): {'Logieswoning': 348, 'Woonboot bestaande ligplaats': 1}
Validating matches
Match rate: 63436/63785 (99.5%)
u_wall range: 0.2222 - 5.2632
u_roof range: 0.1667 - 4.5455
u_floor range: 0.2857 - 6.6667
u_window range: 1.8000 - 5.2000
Spot checks:
  pand=0363100012072054  bouwjaar=1934  type=Appartement¡÷AB  period=NL.01  u_wall=2.7778
  pand=0363100012071845  bouwjaar=1994  type=Appartement¡÷AB  period=NL.04  u_wall=0.3953
  pand=0363100012138106  bouwjaar=1938  type=Appartement¡÷AB  period=NL.01  u_wall=2.7778
  pand=0363100012133381  bouwjaar=1934  type=Appartement¡÷AB  period=NL.01  u_wall=2.7778
  pand=0363100012097137  bouwjaar=1996  type=Appartement¡÷AB  period=NL.04  u_wall=0.3953
Dropped 349 unmatched rows
Saved 63436 matched buildings to D:\ITBE\Thesis\semi-synthetic-building-energy\data\processed\amsterdam\residential_tabula_matched.parquet
{'total_buildings': 63785, 'matched': 63436, 'unmatched': 349, 'match_rate_pct': np.float64(99.45), 'u_wall_min': 0.2222, 'u_wall_max': 5.2632, 'u_roof_min': 0.1667, 'u_roof_max': 4.5455, 'u_floor_min': 0.2857, 'u_floor_max': 6.6667, 'u_window_min': 1.8, 'u_window_max': 5.2, 'spot_checks': [{'pand_id': '0363100012072054', 'bouwjaar': 1934, 'Gebouwtype': 'Appartement', 'tabula_type': 'AB', 'tabula_period': 'NL.01', 'u_wall': 2.7778}, {'pand_id': '0363100012071845', 'bouwjaar': 1994, 'Gebouwtype': 'Appartement', 'tabula_type': 'AB', 'tabula_period': 'NL.04', 'u_wall': 0.3953}, {'pand_id': '0363100012138106', 'bouwjaar': 1938, 'Gebouwtype': 'Appartement', 'tabula_type': 'AB', 'tabula_period': 'NL.01', 'u_wall': 2.7778}, {'pand_id': '0363100012133381', 'bouwjaar': 1934, 'Gebouwtype': 'Appartement', 'tabula_type': 'AB', 'tabula_period': 'NL.01', 'u_wall': 2.7778}, {'pand_id': '0363100012097137', 'bouwjaar': 1996, 'Gebouwtype': 'Appartement', 'tabula_type': 'AB', 'tabula_period': 'NL.04', 'u_wall': 0.3953}], 'output_path': 'D:\\ITBE\\Thesis\\semi-synthetic-building-energy\\data\\processed\\amsterdam\\residential_tabula_matched.parquet'}
