Loading TABULA CSV from D:\ITBE\Thesis\semi-synthetic-building-energy\data\processed\tabula_nl.csv
TABULA lookup: 24 archetypes
No LOD2 output (None) ¡X using joined data directly
Loaded 38037 buildings with 21 columns
Matching TABULA archetypes
Unmapped Gebouwtype (1 rows): {'Woonboot bestaande ligplaats': 1}
Validating matches
Match rate: 38036/38037 (100.0%)
u_wall range: 0.2222 - 5.2632
u_roof range: 0.1667 - 4.5455
u_floor range: 0.2857 - 6.6667
u_window range: 1.8000 - 5.2000
Spot checks:
  pand=0599100000627959  bouwjaar=1895  type=Appartement¡÷AB  period=NL.01  u_wall=2.7778
  pand=0599100000040590  bouwjaar=1959  type=Rijwoning tussen¡÷TH  period=NL.01  u_wall=5.2632
  pand=0599100000282646  bouwjaar=1931  type=Rijwoning hoek¡÷TH  period=NL.01  u_wall=5.2632
  pand=0599100000429983  bouwjaar=2006  type=Rijwoning hoek¡÷TH  period=NL.05  u_wall=0.2857
  pand=0599100000196086  bouwjaar=1962  type=Rijwoning tussen¡÷TH  period=NL.01  u_wall=5.2632
Dropped 1 unmatched rows
Saved 38036 matched buildings to D:\ITBE\Thesis\semi-synthetic-building-energy\data\processed\rotterdam\residential_tabula_matched.parquet
{'total_buildings': 38037, 'matched': 38036, 'unmatched': 1, 'match_rate_pct': np.float64(100.0), 'u_wall_min': 0.2222, 'u_wall_max': 5.2632, 'u_roof_min': 0.1667, 'u_roof_max': 4.5455, 'u_floor_min': 0.2857, 'u_floor_max': 6.6667, 'u_window_min': 1.8, 'u_window_max': 5.2, 'spot_checks': [{'pand_id': '0599100000627959', 'bouwjaar': 1895, 'Gebouwtype': 'Appartement', 'tabula_type': 'AB', 'tabula_period': 'NL.01', 'u_wall': 2.7778}, {'pand_id': '0599100000040590', 'bouwjaar': 1959, 'Gebouwtype': 'Rijwoning tussen', 'tabula_type': 'TH', 'tabula_period': 'NL.01', 'u_wall': 5.2632}, {'pand_id': '0599100000282646', 'bouwjaar': 1931, 'Gebouwtype': 'Rijwoning hoek', 'tabula_type': 'TH', 'tabula_period': 'NL.01', 'u_wall': 5.2632}, {'pand_id': '0599100000429983', 'bouwjaar': 2006, 'Gebouwtype': 'Rijwoning hoek', 'tabula_type': 'TH', 'tabula_period': 'NL.05', 'u_wall': 0.2857}, {'pand_id': '0599100000196086', 'bouwjaar': 1962, 'Gebouwtype': 'Rijwoning tussen', 'tabula_type': 'TH', 'tabula_period': 'NL.01', 'u_wall': 5.2632}], 'output_path': 'D:\\ITBE\\Thesis\\semi-synthetic-building-energy\\data\\processed\\rotterdam\\residential_tabula_matched.parquet'}
